///////////////////////////////////////////////// [$00] LABEL<start> 
dsp_rom[$00] = {8'h15,24'h000000};                //[$00] ld.var r0
dsp_rom[$01] = {8'h15,24'h100000};                //[$01] ld.var r1
dsp_rom[$02] = {8'h15,24'h200000};                //[$02] ld.var r2
dsp_rom[$03] = {8'h15,24'h300000};                //[$03] ld.var r3
dsp_rom[$04] = {8'h15,24'h400000};                //[$04] ld.var r4
dsp_rom[$05] = {8'h15,24'h500000};                //[$05] ld.var r5
dsp_rom[$06] = {8'h15,24'h600000};                //[$06] ld.var r6
dsp_rom[$07] = {8'h12,24'h700007};                //[$07] ld.i18 r7 7
dsp_rom[$08] = {8'h12,24'h100005};                //[$08] ld.i18 r1 0x5
///////////////////////////////////////////////// [$09] LABEL<lp1> 
dsp_rom[$09] = {8'h12,24'h600001};                //[$09] ld.i18 r6 1
dsp_rom[$0a] = {8'h41,24'h100016};                //[$0a] sub r1 r1 r6
dsp_rom[$0b] = {8'hf0,24'h00000e}                 //[$0b] call iter
dsp_rom[$0c] = {8'hf3,24'h100011}                 //[$0c] jz r1 fini
dsp_rom[$0d] = {8'hf4,24'h100011}                 //[$0d] jnz r1 fini
///////////////////////////////////////////////// [$0e] LABEL<iter> 
dsp_rom[$0e] = {8'h50,24'h000071};                //[$0e] mul.async r7 r1
dsp_rom[$0f] = {8'h20,24'h700000};                //[$0f] st.mem r7 0
dsp_rom[$10] = {8'hf1,24'h000000};                //[$10] ret
///////////////////////////////////////////////// [$11] LABEL<fini> 
dsp_rom[$11] = {8'h10,24'h300000};                //[$11] ld.mem r3 0
dsp_rom[$12] = {8'h40,24'h200001};                //[$12] add r2 r0 r1
dsp_rom[$13] = {8'h40,24'h500024};                //[$13] add r5 r2 r4
dsp_rom[$14] = {8'h31,24'h200000};                //[$14] push r2
dsp_rom[$15] = {8'h32,24'h700000};                //[$15] pop r7
dsp_rom[$16] = {8'h61,24'h00000a};                //[$16] shr r0 18
dsp_rom[$17] = {8'hf5,24'h000000};                //[$17] wait 0
dsp_rom[$18] = {8'h11,24'h000000};                //[$18] ld.memr r0
dsp_rom[$19] = {8'h12,24'h00000c};                //[$19] ld.i18 r0 12
dsp_rom[$1a] = {8'hf0,24'h000027}                 //[$1a] call interval2ratio
dsp_rom[$1b] = {8'h12,24'h000018};                //[$1b] ld.i18 r0 0x18
dsp_rom[$1c] = {8'h12,24'h10000f};                //[$1c] ld.i18 r1 15
dsp_rom[$1d] = {8'hf0,24'h000048}                 //[$1d] call poke_sid
dsp_rom[$1e] = {8'h12,24'h000018};                //[$1e] ld.i18 r0 0x18
dsp_rom[$1f] = {8'h12,24'h100000};                //[$1f] ld.i18 r1 0
dsp_rom[$20] = {8'hf0,24'h000048}                 //[$20] call poke_sid
dsp_rom[$21] = {8'h12,24'h000018};                //[$21] ld.i18 r0 0x18
dsp_rom[$22] = {8'h12,24'h100007};                //[$22] ld.i18 r1 7
dsp_rom[$23] = {8'hf0,24'h000048}                 //[$23] call poke_sid
dsp_rom[$24] = {8'h12,24'h0001f4};                //[$24] ld.i18 r0 500
dsp_rom[$25] = {8'hf0,24'h00003a}                 //[$25] call delay
///////////////////////////////////////////////// [$26] LABEL<main_loop> 
dsp_rom[$26] = {8'hf2,24'h000000}                 //[$26] jmp start
///////////////////////////////////////////////// [$27] LABEL<interval2ratio> 
dsp_rom[$27] = {8'h14,24'h200043};                //[$27] ld.u18 r2 0x43
dsp_rom[$28] = {8'h13,24'h2338f9};                //[$28] ld.l18 r2 0x338f9
dsp_rom[$29] = {8'h00,24'h000000};                //[$29] nop
dsp_rom[$2a] = {8'h00,24'h000000};                //[$2a] nop
dsp_rom[$2b] = {8'h00,24'h000000};                //[$2b] nop
dsp_rom[$2c] = {8'h00,24'h000000};                //[$2c] nop
dsp_rom[$2d] = {8'h50,24'h000020};                //[$2d] mul.async r2 r0
dsp_rom[$2e] = {8'h00,24'h000000};                //[$2e] nop
dsp_rom[$2f] = {8'h00,24'h000000};                //[$2f] nop
dsp_rom[$30] = {8'h00,24'h000000};                //[$30] nop
dsp_rom[$31] = {8'h00,24'h000000};                //[$31] nop
dsp_rom[$32] = {8'h17,24'h300000};                //[$32] ld.prod.ab.hi r3
dsp_rom[$33] = {8'h16,24'h400000};                //[$33] ld.prod.ab.lo r4
dsp_rom[$34] = {8'h00,24'h000000};                //[$34] nop
dsp_rom[$35] = {8'h00,24'h000000};                //[$35] nop
dsp_rom[$36] = {8'h00,24'h000000};                //[$36] nop
dsp_rom[$37] = {8'h00,24'h000000};                //[$37] nop
dsp_rom[$38] = {8'h61,24'h30000c};                //[$38] shr r3 29
dsp_rom[$39] = {8'hf1,24'h000000};                //[$39] ret
///////////////////////////////////////////////// [$3a] LABEL<delay> 
dsp_rom[$3a] = {8'hf5,24'h000000};                //[$3a] wait 0
dsp_rom[$3b] = {8'hf5,24'h000001};                //[$3b] wait 1
dsp_rom[$3c] = {8'h12,24'h100001};                //[$3c] ld.i18 r1 1
dsp_rom[$3d] = {8'h00,24'h000000};                //[$3d] nop
dsp_rom[$3e] = {8'h00,24'h000000};                //[$3e] nop
dsp_rom[$3f] = {8'h00,24'h000000};                //[$3f] nop
dsp_rom[$40] = {8'h00,24'h000000};                //[$40] nop
dsp_rom[$41] = {8'h41,24'h000001};                //[$41] sub r0 r0 r1
dsp_rom[$42] = {8'h00,24'h000000};                //[$42] nop
dsp_rom[$43] = {8'h00,24'h000000};                //[$43] nop
dsp_rom[$44] = {8'h00,24'h000000};                //[$44] nop
dsp_rom[$45] = {8'h00,24'h000000};                //[$45] nop
dsp_rom[$46] = {8'hf4,24'h00003a}                 //[$46] jnz r0 delay
dsp_rom[$47] = {8'hf1,24'h000000};                //[$47] ret
///////////////////////////////////////////////// [$48] LABEL<poke_sid> 
dsp_rom[$48] = {8'h12,24'h2000ff};                //[$48] ld.i18 r2 255
dsp_rom[$49] = {8'h12,24'h300000};                //[$49] ld.i18 r3 0
dsp_rom[$4a] = {8'h12,24'h400001};                //[$4a] ld.i18 r4 1
dsp_rom[$4b] = {8'hf5,24'h000000};                //[$4b] wait 0
dsp_rom[$4c] = {8'hf5,24'h000001};                //[$4c] wait 1
dsp_rom[$4d] = {8'hf5,24'h000000};                //[$4d] wait 0
dsp_rom[$4e] = {8'h21,24'h000001};                //[$4e] st.io r0 r1
dsp_rom[$4f] = {8'hf5,24'h000001};                //[$4f] wait 1
dsp_rom[$50] = {8'hf5,24'h000000};                //[$50] wait 0
dsp_rom[$51] = {8'h21,24'h200003};                //[$51] st.io r2 r3
dsp_rom[$52] = {8'hf5,24'h000001};                //[$52] wait 1
dsp_rom[$53] = {8'hf1,24'h000000};                //[$53] ret
